Archive member included to satisfy reference by file (symbol)

../helloWorld_bsp/\libhal_bsp.a(alt_load.o)
                              ../helloWorld_bsp//obj/HAL/src/crt0.o (alt_load)
../helloWorld_bsp/\libhal_bsp.a(alt_main.o)
                              ../helloWorld_bsp//obj/HAL/src/crt0.o (alt_main)
../helloWorld_bsp/\libhal_bsp.a(alt_putstr.o)
                              obj/default/hello_world_small.o (alt_putstr)
../helloWorld_bsp/\libhal_bsp.a(alt_usleep.o)
                              obj/default/hello_world_small.o (usleep)
../helloWorld_bsp/\libhal_bsp.a(alt_sys_init.o)
                              ../helloWorld_bsp/\libhal_bsp.a(alt_main.o) (alt_irq_init)
../helloWorld_bsp/\libhal_bsp.a(altera_avalon_jtag_uart_write.o)
                              ../helloWorld_bsp/\libhal_bsp.a(alt_putstr.o) (altera_avalon_jtag_uart_write)
../helloWorld_bsp/\libhal_bsp.a(alt_busy_sleep.o)
                              ../helloWorld_bsp/\libhal_bsp.a(alt_usleep.o) (alt_busy_sleep)
../helloWorld_bsp/\libhal_bsp.a(alt_dcache_flush_all.o)
                              ../helloWorld_bsp/\libhal_bsp.a(alt_load.o) (alt_dcache_flush_all)
../helloWorld_bsp/\libhal_bsp.a(alt_icache_flush_all.o)
                              ../helloWorld_bsp/\libhal_bsp.a(alt_load.o) (alt_icache_flush_all)
../helloWorld_bsp/\libhal_bsp.a(altera_nios2_gen2_irq.o)
                              ../helloWorld_bsp/\libhal_bsp.a(alt_sys_init.o) (altera_nios2_gen2_irq_init)
c:/intelfpga_lite/18.1/nios2eds/bin/gnu/h-x86_64-mingw32/bin/../lib/gcc/nios2-elf/5.3.0/../../../../../H-x86_64-mingw32/nios2-elf/lib/mno-hw-mul\libsmallc.a(lib_a-strlen.o)
                              ../helloWorld_bsp/\libhal_bsp.a(alt_putstr.o) (strlen)
c:/intelfpga_lite/18.1/nios2eds/bin/gnu/h-x86_64-mingw32/bin/../lib/gcc/nios2-elf/5.3.0/mno-hw-mul\libgcc.a(lib2-divmod.o)
                              ../helloWorld_bsp/\libhal_bsp.a(alt_busy_sleep.o) (__udivsi3)
c:/intelfpga_lite/18.1/nios2eds/bin/gnu/h-x86_64-mingw32/bin/../lib/gcc/nios2-elf/5.3.0/mno-hw-mul\libgcc.a(lib2-mul.o)
                              ../helloWorld_bsp/\libhal_bsp.a(alt_busy_sleep.o) (__mulsi3)

Memory Configuration

Name             Origin             Length             Attributes
reset            0x0000000000008000 0x0000000000000020
onchip_memory2_0 0x0000000000008020 0x0000000000004fe0
*default*        0x0000000000000000 0xffffffffffffffff

Linker script and memory map

LOAD ../helloWorld_bsp//obj/HAL/src/crt0.o
LOAD obj/default/hello_world_small.o
LOAD c:/intelfpga_lite/18.1/nios2eds/bin/gnu/h-x86_64-mingw32/bin/../lib/gcc/nios2-elf/5.3.0/../../../../../H-x86_64-mingw32/nios2-elf/lib/mno-hw-mul\libstdc++.a
LOAD c:/intelfpga_lite/18.1/nios2eds/bin/gnu/h-x86_64-mingw32/bin/../lib/gcc/nios2-elf/5.3.0/../../../../../H-x86_64-mingw32/nios2-elf/lib/mno-hw-mul\libm.a
LOAD c:/intelfpga_lite/18.1/nios2eds/bin/gnu/h-x86_64-mingw32/bin/../lib/gcc/nios2-elf/5.3.0/mno-hw-mul\libgcc.a
START GROUP
LOAD c:/intelfpga_lite/18.1/nios2eds/bin/gnu/h-x86_64-mingw32/bin/../lib/gcc/nios2-elf/5.3.0/../../../../../H-x86_64-mingw32/nios2-elf/lib/mno-hw-mul\libsmallc.a
LOAD c:/intelfpga_lite/18.1/nios2eds/bin/gnu/h-x86_64-mingw32/bin/../lib/gcc/nios2-elf/5.3.0/mno-hw-mul\libgcc.a
LOAD ../helloWorld_bsp/\libhal_bsp.a
LOAD c:/intelfpga_lite/18.1/nios2eds/bin/gnu/h-x86_64-mingw32/bin/../lib/gcc/nios2-elf/5.3.0/../../../../../H-x86_64-mingw32/nios2-elf/lib/mno-hw-mul\libm.a
END GROUP
LOAD c:/intelfpga_lite/18.1/nios2eds/bin/gnu/h-x86_64-mingw32/bin/../lib/gcc/nios2-elf/5.3.0/mno-hw-mul\libgcc.a
                0x0000000000008000                __alt_mem_onchip_memory2_0 = 0x8000

.entry          0x0000000000008000       0x20
 *(.entry)
 .entry         0x0000000000008000       0x20 ../helloWorld_bsp//obj/HAL/src/crt0.o
                0x0000000000008000                __reset
                0x000000000000800c                _exit

.exceptions     0x0000000000008020        0x0
                0x0000000000008020                PROVIDE (__ram_exceptions_start, ABSOLUTE (.))
                0x0000000000008020                . = ALIGN (0x20)
 *(.irq)
 *(.exceptions.entry.label)
 *(.exceptions.entry.user)
 *(.exceptions.entry.ecc_fatal)
 *(.exceptions.entry)
 *(.exceptions.irqtest.user)
 *(.exceptions.irqtest)
 *(.exceptions.irqhandler.user)
 *(.exceptions.irqhandler)
 *(.exceptions.irqreturn.user)
 *(.exceptions.irqreturn)
 *(.exceptions.notirq.label)
 *(.exceptions.notirq.user)
 *(.exceptions.notirq)
 *(.exceptions.soft.user)
 *(.exceptions.soft)
 *(.exceptions.unknown.user)
 *(.exceptions.unknown)
 *(.exceptions.exit.label)
 *(.exceptions.exit.user)
 *(.exceptions.exit)
 *(.exceptions)
                0x0000000000008020                PROVIDE (__ram_exceptions_end, ABSOLUTE (.))
                0x0000000000008020                PROVIDE (__flash_exceptions_start, LOADADDR (.exceptions))

.text           0x0000000000008020      0x56c
                [!provide]                        PROVIDE (stext, ABSOLUTE (.))
 *(.interp)
 *(.hash)
 *(.dynsym)
 *(.dynstr)
 *(.gnu.version)
 *(.gnu.version_d)
 *(.gnu.version_r)
 *(.rel.init)
 *(.rela.init)
 *(.rel.text .rel.text.* .rel.gnu.linkonce.t.*)
 *(.rela.text .rela.text.* .rela.gnu.linkonce.t.*)
 *(.rel.fini)
 *(.rela.fini)
 *(.rel.rodata .rel.rodata.* .rel.gnu.linkonce.r.*)
 *(.rela.rodata .rela.rodata.* .rela.gnu.linkonce.r.*)
 *(.rel.data .rel.data.* .rel.gnu.linkonce.d.*)
 *(.rela.data .rela.data.* .rela.gnu.linkonce.d.*)
 *(.rel.tdata .rel.tdata.* .rel.gnu.linkonce.td.*)
 *(.rela.tdata .rela.tdata.* .rela.gnu.linkonce.td.*)
 *(.rel.tbss .rel.tbss.* .rel.gnu.linkonce.tb.*)
 *(.rela.tbss .rela.tbss.* .rela.gnu.linkonce.tb.*)
 *(.rel.ctors)
 *(.rela.ctors)
 *(.rel.dtors)
 *(.rela.dtors)
 *(.rel.got)
 *(.rela.got)
 *(.rel.sdata .rel.sdata.* .rel.gnu.linkonce.s.*)
 *(.rela.sdata .rela.sdata.* .rela.gnu.linkonce.s.*)
 *(.rel.sbss .rel.sbss.* .rel.gnu.linkonce.sb.*)
 *(.rela.sbss .rela.sbss.* .rela.gnu.linkonce.sb.*)
 *(.rel.sdata2 .rel.sdata2.* .rel.gnu.linkonce.s2.*)
 *(.rela.sdata2 .rela.sdata2.* .rela.gnu.linkonce.s2.*)
 *(.rel.sbss2 .rel.sbss2.* .rel.gnu.linkonce.sb2.*)
 *(.rela.sbss2 .rela.sbss2.* .rela.gnu.linkonce.sb2.*)
 *(.rel.bss .rel.bss.* .rel.gnu.linkonce.b.*)
 *(.rela.bss .rela.bss.* .rela.gnu.linkonce.b.*)
 *(.rel.plt)
 *(.rela.plt)
 *(.rel.dyn)
 *(.init)
 *(.plt)
 *(.text .stub .text.* .gnu.linkonce.t.*)
 .text          0x0000000000008020       0x3c ../helloWorld_bsp//obj/HAL/src/crt0.o
                0x0000000000008020                _start
 .text          0x000000000000805c        0x0 obj/default/hello_world_small.o
 .text.startup  0x000000000000805c      0x100 obj/default/hello_world_small.o
                0x000000000000805c                main
 .text          0x000000000000815c       0xe0 ../helloWorld_bsp/\libhal_bsp.a(alt_load.o)
                0x000000000000815c                alt_load
 .text          0x000000000000823c       0x2c ../helloWorld_bsp/\libhal_bsp.a(alt_main.o)
                0x000000000000823c                alt_main
 .text          0x0000000000008268       0x38 ../helloWorld_bsp/\libhal_bsp.a(alt_putstr.o)
                0x0000000000008268                alt_putstr
 .text          0x00000000000082a0        0x4 ../helloWorld_bsp/\libhal_bsp.a(alt_usleep.o)
                0x00000000000082a0                usleep
 .text          0x00000000000082a4       0x24 ../helloWorld_bsp/\libhal_bsp.a(alt_sys_init.o)
                0x00000000000082a4                alt_irq_init
                0x00000000000082c4                alt_sys_init
 .text          0x00000000000082c8       0x34 ../helloWorld_bsp/\libhal_bsp.a(altera_avalon_jtag_uart_write.o)
                0x00000000000082c8                altera_avalon_jtag_uart_write
 .text          0x00000000000082fc       0x88 ../helloWorld_bsp/\libhal_bsp.a(alt_busy_sleep.o)
                0x00000000000082fc                alt_busy_sleep
 .text          0x0000000000008384        0x4 ../helloWorld_bsp/\libhal_bsp.a(alt_dcache_flush_all.o)
                0x0000000000008384                alt_dcache_flush_all
 .text          0x0000000000008388        0x4 ../helloWorld_bsp/\libhal_bsp.a(alt_icache_flush_all.o)
                0x0000000000008388                alt_icache_flush_all
 .text          0x000000000000838c        0x8 ../helloWorld_bsp/\libhal_bsp.a(altera_nios2_gen2_irq.o)
                0x000000000000838c                altera_nios2_gen2_irq_init
 .text          0x0000000000008394        0x0 c:/intelfpga_lite/18.1/nios2eds/bin/gnu/h-x86_64-mingw32/bin/../lib/gcc/nios2-elf/5.3.0/../../../../../H-x86_64-mingw32/nios2-elf/lib/mno-hw-mul\libsmallc.a(lib_a-strlen.o)
 .text.strlen   0x0000000000008394       0x1c c:/intelfpga_lite/18.1/nios2eds/bin/gnu/h-x86_64-mingw32/bin/../lib/gcc/nios2-elf/5.3.0/../../../../../H-x86_64-mingw32/nios2-elf/lib/mno-hw-mul\libsmallc.a(lib_a-strlen.o)
                0x0000000000008394                strlen
 .text          0x00000000000083b0      0x1b4 c:/intelfpga_lite/18.1/nios2eds/bin/gnu/h-x86_64-mingw32/bin/../lib/gcc/nios2-elf/5.3.0/mno-hw-mul\libgcc.a(lib2-divmod.o)
                0x00000000000083b0                __divsi3
                0x0000000000008434                __modsi3
                0x00000000000084a8                __udivsi3
                0x000000000000850c                __umodsi3
 .text          0x0000000000008564       0x28 c:/intelfpga_lite/18.1/nios2eds/bin/gnu/h-x86_64-mingw32/bin/../lib/gcc/nios2-elf/5.3.0/mno-hw-mul\libgcc.a(lib2-mul.o)
                0x0000000000008564                __mulsi3
 *(.gnu.warning.*)
 *(.fini)
                [!provide]                        PROVIDE (__etext, ABSOLUTE (.))
                [!provide]                        PROVIDE (_etext, ABSOLUTE (.))
                [!provide]                        PROVIDE (etext, ABSOLUTE (.))
 *(.eh_frame_hdr)
                0x000000000000858c                . = ALIGN (0x4)
                [!provide]                        PROVIDE (__preinit_array_start, ABSOLUTE (.))
 *(.preinit_array)
                [!provide]                        PROVIDE (__preinit_array_end, ABSOLUTE (.))
                [!provide]                        PROVIDE (__init_array_start, ABSOLUTE (.))
 *(.init_array)
                [!provide]                        PROVIDE (__init_array_end, ABSOLUTE (.))
                [!provide]                        PROVIDE (__fini_array_start, ABSOLUTE (.))
 *(.fini_array)
                [!provide]                        PROVIDE (__fini_array_end, ABSOLUTE (.))
 *(.eh_frame)
 *(.gcc_except_table .gcc_except_table.*)
 *(.dynamic)
                [!provide]                        PROVIDE (__CTOR_LIST__, ABSOLUTE (.))
 *(.ctors)
 *(SORT(.ctors.*))
                [!provide]                        PROVIDE (__CTOR_END__, ABSOLUTE (.))
                [!provide]                        PROVIDE (__DTOR_LIST__, ABSOLUTE (.))
 *(.dtors)
 *(SORT(.dtors.*))
                [!provide]                        PROVIDE (__DTOR_END__, ABSOLUTE (.))
 *(.jcr)
                0x000000000000858c                . = ALIGN (0x4)

.rodata         0x000000000000858c       0x1c
                0x000000000000858c                PROVIDE (__ram_rodata_start, ABSOLUTE (.))
                0x000000000000858c                . = ALIGN (0x4)
 *(.rodata .rodata.* .gnu.linkonce.r.*)
 .rodata.str1.4
                0x000000000000858c       0x1c obj/default/hello_world_small.o
                                         0x1b (size before relaxing)
 *(.rodata1)
                0x00000000000085a8                . = ALIGN (0x4)
                0x00000000000085a8                PROVIDE (__ram_rodata_end, ABSOLUTE (.))
                0x000000000000858c                PROVIDE (__flash_rodata_start, LOADADDR (.rodata))

.rwdata         0x00000000000085a8        0x4 load address 0x00000000000085ac
                0x00000000000085a8                PROVIDE (__ram_rwdata_start, ABSOLUTE (.))
                0x00000000000085a8                . = ALIGN (0x4)
 *(.got.plt)
 *(.got)
 *(.data1)
 *(.data .data.* .gnu.linkonce.d.*)
 .data          0x00000000000085a8        0x0 ../helloWorld_bsp//obj/HAL/src/crt0.o
 .data          0x00000000000085a8        0x0 obj/default/hello_world_small.o
 .data          0x00000000000085a8        0x0 ../helloWorld_bsp/\libhal_bsp.a(alt_load.o)
 .data          0x00000000000085a8        0x0 ../helloWorld_bsp/\libhal_bsp.a(alt_main.o)
 .data          0x00000000000085a8        0x0 ../helloWorld_bsp/\libhal_bsp.a(alt_putstr.o)
 .data          0x00000000000085a8        0x0 ../helloWorld_bsp/\libhal_bsp.a(alt_usleep.o)
 .data          0x00000000000085a8        0x0 ../helloWorld_bsp/\libhal_bsp.a(alt_sys_init.o)
 .data          0x00000000000085a8        0x0 ../helloWorld_bsp/\libhal_bsp.a(altera_avalon_jtag_uart_write.o)
 .data          0x00000000000085a8        0x0 ../helloWorld_bsp/\libhal_bsp.a(alt_busy_sleep.o)
 .data          0x00000000000085a8        0x0 ../helloWorld_bsp/\libhal_bsp.a(alt_dcache_flush_all.o)
 .data          0x00000000000085a8        0x0 ../helloWorld_bsp/\libhal_bsp.a(alt_icache_flush_all.o)
 .data          0x00000000000085a8        0x0 ../helloWorld_bsp/\libhal_bsp.a(altera_nios2_gen2_irq.o)
 .data          0x00000000000085a8        0x0 c:/intelfpga_lite/18.1/nios2eds/bin/gnu/h-x86_64-mingw32/bin/../lib/gcc/nios2-elf/5.3.0/../../../../../H-x86_64-mingw32/nios2-elf/lib/mno-hw-mul\libsmallc.a(lib_a-strlen.o)
 .data          0x00000000000085a8        0x0 c:/intelfpga_lite/18.1/nios2eds/bin/gnu/h-x86_64-mingw32/bin/../lib/gcc/nios2-elf/5.3.0/mno-hw-mul\libgcc.a(lib2-divmod.o)
 .data          0x00000000000085a8        0x0 c:/intelfpga_lite/18.1/nios2eds/bin/gnu/h-x86_64-mingw32/bin/../lib/gcc/nios2-elf/5.3.0/mno-hw-mul\libgcc.a(lib2-mul.o)
                0x00000000000105a8                _gp = ABSOLUTE ((. + 0x8000))
                [!provide]                        PROVIDE (gp, _gp)
 *(.rwdata .rwdata.*)
 *(.sdata .sdata.* .gnu.linkonce.s.*)
 .sdata         0x00000000000085a8        0x4 ../helloWorld_bsp/\libhal_bsp.a(alt_sys_init.o)
                0x00000000000085a8                JTAG
 *(.sdata2 .sdata2.* .gnu.linkonce.s2.*)
                0x00000000000085ac                . = ALIGN (0x4)
                0x00000000000085ac                _edata = ABSOLUTE (.)
                [!provide]                        PROVIDE (edata, ABSOLUTE (.))
                0x00000000000085ac                PROVIDE (__ram_rwdata_end, ABSOLUTE (.))
                0x00000000000085ac                PROVIDE (__flash_rwdata_start, LOADADDR (.rwdata))

.bss            0x00000000000085b0        0xc
                0x00000000000085b0                __bss_start = ABSOLUTE (.)
                [!provide]                        PROVIDE (__sbss_start, ABSOLUTE (.))
                [!provide]                        PROVIDE (___sbss_start, ABSOLUTE (.))
 *(.dynsbss)
 *(.sbss .sbss.* .gnu.linkonce.sb.*)
 .sbss          0x00000000000085b0        0xc ../helloWorld_bsp/\libhal_bsp.a(alt_main.o)
                0x00000000000085b0                alt_envp
                0x00000000000085b4                alt_argv
                0x00000000000085b8                alt_argc
 *(.sbss2 .sbss2.* .gnu.linkonce.sb2.*)
 *(.scommon)
                [!provide]                        PROVIDE (__sbss_end, ABSOLUTE (.))
                [!provide]                        PROVIDE (___sbss_end, ABSOLUTE (.))
 *(.dynbss)
 *(.bss .bss.* .gnu.linkonce.b.*)
 .bss           0x00000000000085bc        0x0 ../helloWorld_bsp//obj/HAL/src/crt0.o
 .bss           0x00000000000085bc        0x0 obj/default/hello_world_small.o
 .bss           0x00000000000085bc        0x0 ../helloWorld_bsp/\libhal_bsp.a(alt_load.o)
 .bss           0x00000000000085bc        0x0 ../helloWorld_bsp/\libhal_bsp.a(alt_main.o)
 .bss           0x00000000000085bc        0x0 ../helloWorld_bsp/\libhal_bsp.a(alt_putstr.o)
 .bss           0x00000000000085bc        0x0 ../helloWorld_bsp/\libhal_bsp.a(alt_usleep.o)
 .bss           0x00000000000085bc        0x0 ../helloWorld_bsp/\libhal_bsp.a(alt_sys_init.o)
 .bss           0x00000000000085bc        0x0 ../helloWorld_bsp/\libhal_bsp.a(altera_avalon_jtag_uart_write.o)
 .bss           0x00000000000085bc        0x0 ../helloWorld_bsp/\libhal_bsp.a(alt_busy_sleep.o)
 .bss           0x00000000000085bc        0x0 ../helloWorld_bsp/\libhal_bsp.a(alt_dcache_flush_all.o)
 .bss           0x00000000000085bc        0x0 ../helloWorld_bsp/\libhal_bsp.a(alt_icache_flush_all.o)
 .bss           0x00000000000085bc        0x0 ../helloWorld_bsp/\libhal_bsp.a(altera_nios2_gen2_irq.o)
 .bss           0x00000000000085bc        0x0 c:/intelfpga_lite/18.1/nios2eds/bin/gnu/h-x86_64-mingw32/bin/../lib/gcc/nios2-elf/5.3.0/../../../../../H-x86_64-mingw32/nios2-elf/lib/mno-hw-mul\libsmallc.a(lib_a-strlen.o)
 .bss           0x00000000000085bc        0x0 c:/intelfpga_lite/18.1/nios2eds/bin/gnu/h-x86_64-mingw32/bin/../lib/gcc/nios2-elf/5.3.0/mno-hw-mul\libgcc.a(lib2-divmod.o)
 .bss           0x00000000000085bc        0x0 c:/intelfpga_lite/18.1/nios2eds/bin/gnu/h-x86_64-mingw32/bin/../lib/gcc/nios2-elf/5.3.0/mno-hw-mul\libgcc.a(lib2-mul.o)
 *(COMMON)
                0x00000000000085bc                . = ALIGN (0x4)
                0x00000000000085bc                __bss_end = ABSOLUTE (.)

.onchip_memory2_0
                0x00000000000085bc        0x0
                [!provide]                        PROVIDE (_alt_partition_onchip_memory2_0_start, ABSOLUTE (.))
 *(.onchip_memory2_0 .onchip_memory2_0. onchip_memory2_0.*)
                0x00000000000085bc                . = ALIGN (0x4)
                [!provide]                        PROVIDE (_alt_partition_onchip_memory2_0_end, ABSOLUTE (.))
                0x00000000000085bc                _end = ABSOLUTE (.)
                0x00000000000085bc                end = ABSOLUTE (.)
                0x00000000000085bc                __alt_stack_base = ABSOLUTE (.)
                [!provide]                        PROVIDE (_alt_partition_onchip_memory2_0_load_addr, LOADADDR (.onchip_memory2_0))

.stab
 *(.stab)

.stabstr
 *(.stabstr)

.stab.excl
 *(.stab.excl)

.stab.exclstr
 *(.stab.exclstr)

.stab.index
 *(.stab.index)

.stab.indexstr
 *(.stab.indexstr)

.comment        0x0000000000000000       0x23
 *(.comment)
 .comment       0x0000000000000000       0x23 obj/default/hello_world_small.o
                                         0x24 (size before relaxing)
 .comment       0x0000000000000023       0x24 ../helloWorld_bsp/\libhal_bsp.a(alt_load.o)
 .comment       0x0000000000000023       0x24 ../helloWorld_bsp/\libhal_bsp.a(alt_main.o)
 .comment       0x0000000000000023       0x24 ../helloWorld_bsp/\libhal_bsp.a(alt_putstr.o)
 .comment       0x0000000000000023       0x24 ../helloWorld_bsp/\libhal_bsp.a(alt_usleep.o)
 .comment       0x0000000000000023       0x24 ../helloWorld_bsp/\libhal_bsp.a(alt_sys_init.o)
 .comment       0x0000000000000023       0x24 ../helloWorld_bsp/\libhal_bsp.a(altera_avalon_jtag_uart_write.o)
 .comment       0x0000000000000023       0x24 ../helloWorld_bsp/\libhal_bsp.a(alt_busy_sleep.o)
 .comment       0x0000000000000023       0x24 ../helloWorld_bsp/\libhal_bsp.a(alt_dcache_flush_all.o)
 .comment       0x0000000000000023       0x24 ../helloWorld_bsp/\libhal_bsp.a(alt_icache_flush_all.o)
 .comment       0x0000000000000023       0x24 ../helloWorld_bsp/\libhal_bsp.a(altera_nios2_gen2_irq.o)
 .comment       0x0000000000000023       0x24 c:/intelfpga_lite/18.1/nios2eds/bin/gnu/h-x86_64-mingw32/bin/../lib/gcc/nios2-elf/5.3.0/../../../../../H-x86_64-mingw32/nios2-elf/lib/mno-hw-mul\libsmallc.a(lib_a-strlen.o)
 .comment       0x0000000000000023       0x24 c:/intelfpga_lite/18.1/nios2eds/bin/gnu/h-x86_64-mingw32/bin/../lib/gcc/nios2-elf/5.3.0/mno-hw-mul\libgcc.a(lib2-divmod.o)
 .comment       0x0000000000000023       0x24 c:/intelfpga_lite/18.1/nios2eds/bin/gnu/h-x86_64-mingw32/bin/../lib/gcc/nios2-elf/5.3.0/mno-hw-mul\libgcc.a(lib2-mul.o)

.debug
 *(.debug)

.line
 *(.line)

.debug_srcinfo
 *(.debug_srcinfo)

.debug_sfnames
 *(.debug_sfnames)

.debug_aranges  0x0000000000000000      0x1e8
 *(.debug_aranges)
 .debug_aranges
                0x0000000000000000       0x28 ../helloWorld_bsp//obj/HAL/src/crt0.o
 .debug_aranges
                0x0000000000000028       0x20 obj/default/hello_world_small.o
 .debug_aranges
                0x0000000000000048       0x20 ../helloWorld_bsp/\libhal_bsp.a(alt_load.o)
 .debug_aranges
                0x0000000000000068       0x20 ../helloWorld_bsp/\libhal_bsp.a(alt_main.o)
 .debug_aranges
                0x0000000000000088       0x20 ../helloWorld_bsp/\libhal_bsp.a(alt_putstr.o)
 .debug_aranges
                0x00000000000000a8       0x20 ../helloWorld_bsp/\libhal_bsp.a(alt_usleep.o)
 .debug_aranges
                0x00000000000000c8       0x20 ../helloWorld_bsp/\libhal_bsp.a(alt_sys_init.o)
 .debug_aranges
                0x00000000000000e8       0x20 ../helloWorld_bsp/\libhal_bsp.a(altera_avalon_jtag_uart_write.o)
 .debug_aranges
                0x0000000000000108       0x20 ../helloWorld_bsp/\libhal_bsp.a(alt_busy_sleep.o)
 .debug_aranges
                0x0000000000000128       0x20 ../helloWorld_bsp/\libhal_bsp.a(alt_dcache_flush_all.o)
 .debug_aranges
                0x0000000000000148       0x20 ../helloWorld_bsp/\libhal_bsp.a(alt_icache_flush_all.o)
 .debug_aranges
                0x0000000000000168       0x20 ../helloWorld_bsp/\libhal_bsp.a(altera_nios2_gen2_irq.o)
 .debug_aranges
                0x0000000000000188       0x20 c:/intelfpga_lite/18.1/nios2eds/bin/gnu/h-x86_64-mingw32/bin/../lib/gcc/nios2-elf/5.3.0/../../../../../H-x86_64-mingw32/nios2-elf/lib/mno-hw-mul\libsmallc.a(lib_a-strlen.o)
 .debug_aranges
                0x00000000000001a8       0x20 c:/intelfpga_lite/18.1/nios2eds/bin/gnu/h-x86_64-mingw32/bin/../lib/gcc/nios2-elf/5.3.0/mno-hw-mul\libgcc.a(lib2-divmod.o)
 .debug_aranges
                0x00000000000001c8       0x20 c:/intelfpga_lite/18.1/nios2eds/bin/gnu/h-x86_64-mingw32/bin/../lib/gcc/nios2-elf/5.3.0/mno-hw-mul\libgcc.a(lib2-mul.o)

.debug_pubnames
 *(.debug_pubnames)

.debug_info     0x0000000000000000     0x1139
 *(.debug_info .gnu.linkonce.wi.*)
 .debug_info    0x0000000000000000       0x87 ../helloWorld_bsp//obj/HAL/src/crt0.o
 .debug_info    0x0000000000000087      0x188 obj/default/hello_world_small.o
 .debug_info    0x000000000000020f      0x1c9 ../helloWorld_bsp/\libhal_bsp.a(alt_load.o)
 .debug_info    0x00000000000003d8      0x169 ../helloWorld_bsp/\libhal_bsp.a(alt_main.o)
 .debug_info    0x0000000000000541      0x13a ../helloWorld_bsp/\libhal_bsp.a(alt_putstr.o)
 .debug_info    0x000000000000067b       0xd1 ../helloWorld_bsp/\libhal_bsp.a(alt_usleep.o)
 .debug_info    0x000000000000074c      0x185 ../helloWorld_bsp/\libhal_bsp.a(alt_sys_init.o)
 .debug_info    0x00000000000008d1      0x197 ../helloWorld_bsp/\libhal_bsp.a(altera_avalon_jtag_uart_write.o)
 .debug_info    0x0000000000000a68       0xd8 ../helloWorld_bsp/\libhal_bsp.a(alt_busy_sleep.o)
 .debug_info    0x0000000000000b40       0x92 ../helloWorld_bsp/\libhal_bsp.a(alt_dcache_flush_all.o)
 .debug_info    0x0000000000000bd2       0x92 ../helloWorld_bsp/\libhal_bsp.a(alt_icache_flush_all.o)
 .debug_info    0x0000000000000c64       0x92 ../helloWorld_bsp/\libhal_bsp.a(altera_nios2_gen2_irq.o)
 .debug_info    0x0000000000000cf6       0xc9 c:/intelfpga_lite/18.1/nios2eds/bin/gnu/h-x86_64-mingw32/bin/../lib/gcc/nios2-elf/5.3.0/../../../../../H-x86_64-mingw32/nios2-elf/lib/mno-hw-mul\libsmallc.a(lib_a-strlen.o)
 .debug_info    0x0000000000000dbf      0x2c6 c:/intelfpga_lite/18.1/nios2eds/bin/gnu/h-x86_64-mingw32/bin/../lib/gcc/nios2-elf/5.3.0/mno-hw-mul\libgcc.a(lib2-divmod.o)
 .debug_info    0x0000000000001085       0xb4 c:/intelfpga_lite/18.1/nios2eds/bin/gnu/h-x86_64-mingw32/bin/../lib/gcc/nios2-elf/5.3.0/mno-hw-mul\libgcc.a(lib2-mul.o)

.debug_abbrev   0x0000000000000000      0x969
 *(.debug_abbrev)
 .debug_abbrev  0x0000000000000000       0x12 ../helloWorld_bsp//obj/HAL/src/crt0.o
 .debug_abbrev  0x0000000000000012      0x106 obj/default/hello_world_small.o
 .debug_abbrev  0x0000000000000118       0xd8 ../helloWorld_bsp/\libhal_bsp.a(alt_load.o)
 .debug_abbrev  0x00000000000001f0       0xee ../helloWorld_bsp/\libhal_bsp.a(alt_main.o)
 .debug_abbrev  0x00000000000002de       0xd3 ../helloWorld_bsp/\libhal_bsp.a(alt_putstr.o)
 .debug_abbrev  0x00000000000003b1       0x8d ../helloWorld_bsp/\libhal_bsp.a(alt_usleep.o)
 .debug_abbrev  0x000000000000043e      0x107 ../helloWorld_bsp/\libhal_bsp.a(alt_sys_init.o)
 .debug_abbrev  0x0000000000000545       0xd5 ../helloWorld_bsp/\libhal_bsp.a(altera_avalon_jtag_uart_write.o)
 .debug_abbrev  0x000000000000061a       0x8d ../helloWorld_bsp/\libhal_bsp.a(alt_busy_sleep.o)
 .debug_abbrev  0x00000000000006a7       0x42 ../helloWorld_bsp/\libhal_bsp.a(alt_dcache_flush_all.o)
 .debug_abbrev  0x00000000000006e9       0x42 ../helloWorld_bsp/\libhal_bsp.a(alt_icache_flush_all.o)
 .debug_abbrev  0x000000000000072b       0x42 ../helloWorld_bsp/\libhal_bsp.a(altera_nios2_gen2_irq.o)
 .debug_abbrev  0x000000000000076d       0x7f c:/intelfpga_lite/18.1/nios2eds/bin/gnu/h-x86_64-mingw32/bin/../lib/gcc/nios2-elf/5.3.0/../../../../../H-x86_64-mingw32/nios2-elf/lib/mno-hw-mul\libsmallc.a(lib_a-strlen.o)
 .debug_abbrev  0x00000000000007ec      0x10e c:/intelfpga_lite/18.1/nios2eds/bin/gnu/h-x86_64-mingw32/bin/../lib/gcc/nios2-elf/5.3.0/mno-hw-mul\libgcc.a(lib2-divmod.o)
 .debug_abbrev  0x00000000000008fa       0x6f c:/intelfpga_lite/18.1/nios2eds/bin/gnu/h-x86_64-mingw32/bin/../lib/gcc/nios2-elf/5.3.0/mno-hw-mul\libgcc.a(lib2-mul.o)

.debug_line     0x0000000000000000      0xb89
 *(.debug_line)
 .debug_line    0x0000000000000000       0x66 ../helloWorld_bsp//obj/HAL/src/crt0.o
 .debug_line    0x0000000000000066      0x1e0 obj/default/hello_world_small.o
 .debug_line    0x0000000000000246       0xa4 ../helloWorld_bsp/\libhal_bsp.a(alt_load.o)
 .debug_line    0x00000000000002ea       0xbd ../helloWorld_bsp/\libhal_bsp.a(alt_main.o)
 .debug_line    0x00000000000003a7       0xa0 ../helloWorld_bsp/\libhal_bsp.a(alt_putstr.o)
 .debug_line    0x0000000000000447       0xcf ../helloWorld_bsp/\libhal_bsp.a(alt_usleep.o)
 .debug_line    0x0000000000000516      0x101 ../helloWorld_bsp/\libhal_bsp.a(alt_sys_init.o)
 .debug_line    0x0000000000000617       0xf0 ../helloWorld_bsp/\libhal_bsp.a(altera_avalon_jtag_uart_write.o)
 .debug_line    0x0000000000000707       0xb5 ../helloWorld_bsp/\libhal_bsp.a(alt_busy_sleep.o)
 .debug_line    0x00000000000007bc       0x4e ../helloWorld_bsp/\libhal_bsp.a(alt_dcache_flush_all.o)
 .debug_line    0x000000000000080a       0x4e ../helloWorld_bsp/\libhal_bsp.a(alt_icache_flush_all.o)
 .debug_line    0x0000000000000858       0x50 ../helloWorld_bsp/\libhal_bsp.a(altera_nios2_gen2_irq.o)
 .debug_line    0x00000000000008a8      0x15c c:/intelfpga_lite/18.1/nios2eds/bin/gnu/h-x86_64-mingw32/bin/../lib/gcc/nios2-elf/5.3.0/../../../../../H-x86_64-mingw32/nios2-elf/lib/mno-hw-mul\libsmallc.a(lib_a-strlen.o)
 .debug_line    0x0000000000000a04      0x105 c:/intelfpga_lite/18.1/nios2eds/bin/gnu/h-x86_64-mingw32/bin/../lib/gcc/nios2-elf/5.3.0/mno-hw-mul\libgcc.a(lib2-divmod.o)
 .debug_line    0x0000000000000b09       0x80 c:/intelfpga_lite/18.1/nios2eds/bin/gnu/h-x86_64-mingw32/bin/../lib/gcc/nios2-elf/5.3.0/mno-hw-mul\libgcc.a(lib2-mul.o)

.debug_frame    0x0000000000000000      0x25c
 *(.debug_frame)
 .debug_frame   0x0000000000000000       0x34 obj/default/hello_world_small.o
 .debug_frame   0x0000000000000034       0x30 ../helloWorld_bsp/\libhal_bsp.a(alt_load.o)
 .debug_frame   0x0000000000000064       0x2c ../helloWorld_bsp/\libhal_bsp.a(alt_main.o)
 .debug_frame   0x0000000000000090       0x30 ../helloWorld_bsp/\libhal_bsp.a(alt_putstr.o)
 .debug_frame   0x00000000000000c0       0x20 ../helloWorld_bsp/\libhal_bsp.a(alt_usleep.o)
 .debug_frame   0x00000000000000e0       0x3c ../helloWorld_bsp/\libhal_bsp.a(alt_sys_init.o)
 .debug_frame   0x000000000000011c       0x20 ../helloWorld_bsp/\libhal_bsp.a(altera_avalon_jtag_uart_write.o)
 .debug_frame   0x000000000000013c       0x30 ../helloWorld_bsp/\libhal_bsp.a(alt_busy_sleep.o)
 .debug_frame   0x000000000000016c       0x20 ../helloWorld_bsp/\libhal_bsp.a(alt_dcache_flush_all.o)
 .debug_frame   0x000000000000018c       0x20 ../helloWorld_bsp/\libhal_bsp.a(alt_icache_flush_all.o)
 .debug_frame   0x00000000000001ac       0x20 ../helloWorld_bsp/\libhal_bsp.a(altera_nios2_gen2_irq.o)
 .debug_frame   0x00000000000001cc       0x20 c:/intelfpga_lite/18.1/nios2eds/bin/gnu/h-x86_64-mingw32/bin/../lib/gcc/nios2-elf/5.3.0/../../../../../H-x86_64-mingw32/nios2-elf/lib/mno-hw-mul\libsmallc.a(lib_a-strlen.o)
 .debug_frame   0x00000000000001ec       0x50 c:/intelfpga_lite/18.1/nios2eds/bin/gnu/h-x86_64-mingw32/bin/../lib/gcc/nios2-elf/5.3.0/mno-hw-mul\libgcc.a(lib2-divmod.o)
 .debug_frame   0x000000000000023c       0x20 c:/intelfpga_lite/18.1/nios2eds/bin/gnu/h-x86_64-mingw32/bin/../lib/gcc/nios2-elf/5.3.0/mno-hw-mul\libgcc.a(lib2-mul.o)

.debug_str      0x0000000000000000      0x828
 *(.debug_str)
 .debug_str     0x0000000000000000      0x14d obj/default/hello_world_small.o
                                        0x199 (size before relaxing)
 .debug_str     0x000000000000014d      0x16e ../helloWorld_bsp/\libhal_bsp.a(alt_load.o)
                                        0x255 (size before relaxing)
 .debug_str     0x00000000000002bb       0x8f ../helloWorld_bsp/\libhal_bsp.a(alt_main.o)
                                        0x1ce (size before relaxing)
 .debug_str     0x000000000000034a       0x5f ../helloWorld_bsp/\libhal_bsp.a(alt_putstr.o)
                                        0x1a4 (size before relaxing)
 .debug_str     0x00000000000003a9       0x2f ../helloWorld_bsp/\libhal_bsp.a(alt_usleep.o)
                                        0x170 (size before relaxing)
 .debug_str     0x00000000000003d8       0x86 ../helloWorld_bsp/\libhal_bsp.a(alt_sys_init.o)
                                        0x238 (size before relaxing)
 .debug_str     0x000000000000045e       0x38 ../helloWorld_bsp/\libhal_bsp.a(altera_avalon_jtag_uart_write.o)
                                        0x22e (size before relaxing)
 .debug_str     0x0000000000000496       0x33 ../helloWorld_bsp/\libhal_bsp.a(alt_busy_sleep.o)
                                        0x184 (size before relaxing)
 .debug_str     0x00000000000004c9       0x1f ../helloWorld_bsp/\libhal_bsp.a(alt_dcache_flush_all.o)
                                        0x16e (size before relaxing)
 .debug_str     0x00000000000004e8       0x1f ../helloWorld_bsp/\libhal_bsp.a(alt_icache_flush_all.o)
                                        0x16e (size before relaxing)
 .debug_str     0x0000000000000507       0x20 ../helloWorld_bsp/\libhal_bsp.a(altera_nios2_gen2_irq.o)
                                        0x175 (size before relaxing)
 .debug_str     0x0000000000000527      0x13a c:/intelfpga_lite/18.1/nios2eds/bin/gnu/h-x86_64-mingw32/bin/../lib/gcc/nios2-elf/5.3.0/../../../../../H-x86_64-mingw32/nios2-elf/lib/mno-hw-mul\libsmallc.a(lib_a-strlen.o)
                                        0x1e5 (size before relaxing)
 .debug_str     0x0000000000000661      0x187 c:/intelfpga_lite/18.1/nios2eds/bin/gnu/h-x86_64-mingw32/bin/../lib/gcc/nios2-elf/5.3.0/mno-hw-mul\libgcc.a(lib2-divmod.o)
                                        0x1d2 (size before relaxing)
 .debug_str     0x00000000000007e8       0x40 c:/intelfpga_lite/18.1/nios2eds/bin/gnu/h-x86_64-mingw32/bin/../lib/gcc/nios2-elf/5.3.0/mno-hw-mul\libgcc.a(lib2-mul.o)
                                        0x193 (size before relaxing)

.debug_loc      0x0000000000000000      0x71c
 *(.debug_loc)
 .debug_loc     0x0000000000000000       0x32 obj/default/hello_world_small.o
 .debug_loc     0x0000000000000032       0x37 ../helloWorld_bsp/\libhal_bsp.a(alt_putstr.o)
 .debug_loc     0x0000000000000069       0x21 ../helloWorld_bsp/\libhal_bsp.a(alt_usleep.o)
 .debug_loc     0x000000000000008a       0x21 ../helloWorld_bsp/\libhal_bsp.a(alt_sys_init.o)
 .debug_loc     0x00000000000000ab       0x8b ../helloWorld_bsp/\libhal_bsp.a(altera_avalon_jtag_uart_write.o)
 .debug_loc     0x0000000000000136       0x67 ../helloWorld_bsp/\libhal_bsp.a(alt_busy_sleep.o)
 .debug_loc     0x000000000000019d       0x1e c:/intelfpga_lite/18.1/nios2eds/bin/gnu/h-x86_64-mingw32/bin/../lib/gcc/nios2-elf/5.3.0/../../../../../H-x86_64-mingw32/nios2-elf/lib/mno-hw-mul\libsmallc.a(lib_a-strlen.o)
 .debug_loc     0x00000000000001bb      0x4ce c:/intelfpga_lite/18.1/nios2eds/bin/gnu/h-x86_64-mingw32/bin/../lib/gcc/nios2-elf/5.3.0/mno-hw-mul\libgcc.a(lib2-divmod.o)
 .debug_loc     0x0000000000000689       0x93 c:/intelfpga_lite/18.1/nios2eds/bin/gnu/h-x86_64-mingw32/bin/../lib/gcc/nios2-elf/5.3.0/mno-hw-mul\libgcc.a(lib2-mul.o)

.debug_macinfo
 *(.debug_macinfo)

.debug_weaknames
 *(.debug_weaknames)

.debug_funcnames
 *(.debug_funcnames)

.debug_typenames
 *(.debug_typenames)

.debug_varnames
 *(.debug_varnames)

.debug_alt_sim_info
                0x0000000000000000       0x40
 *(.debug_alt_sim_info)
 .debug_alt_sim_info
                0x0000000000000000       0x10 ../helloWorld_bsp//obj/HAL/src/crt0.o
 .debug_alt_sim_info
                0x0000000000000010       0x30 ../helloWorld_bsp/\libhal_bsp.a(alt_busy_sleep.o)
                0x000000000000d000                __alt_data_end = 0xd000
                0x000000000000d000                PROVIDE (__alt_stack_pointer, __alt_data_end)
                [!provide]                        PROVIDE (__alt_stack_limit, __alt_stack_base)
                [!provide]                        PROVIDE (__alt_heap_start, end)
                [!provide]                        PROVIDE (__alt_heap_limit, 0xd000)
OUTPUT(helloWorld.elf elf32-littlenios2)

.debug_ranges   0x0000000000000000      0x100
 .debug_ranges  0x0000000000000000       0x20 ../helloWorld_bsp//obj/HAL/src/crt0.o
 .debug_ranges  0x0000000000000020       0x28 obj/default/hello_world_small.o
 .debug_ranges  0x0000000000000048       0x48 ../helloWorld_bsp/\libhal_bsp.a(alt_load.o)
 .debug_ranges  0x0000000000000090       0x10 c:/intelfpga_lite/18.1/nios2eds/bin/gnu/h-x86_64-mingw32/bin/../lib/gcc/nios2-elf/5.3.0/../../../../../H-x86_64-mingw32/nios2-elf/lib/mno-hw-mul\libsmallc.a(lib_a-strlen.o)
 .debug_ranges  0x00000000000000a0       0x60 c:/intelfpga_lite/18.1/nios2eds/bin/gnu/h-x86_64-mingw32/bin/../lib/gcc/nios2-elf/5.3.0/mno-hw-mul\libgcc.a(lib2-divmod.o)
